Archive member included because of file (symbol)

c:/program files/atmel/avr studio 5.1/extensions/atmel/avrgcc/3.3.1.27/avrtoolchain/bin/../lib/gcc/avr/4.5.1/avr5\libgcc.a(_exit.o)
                              c:/program files/atmel/avr studio 5.1/extensions/atmel/avrgcc/3.3.1.27/avrtoolchain/bin/../lib/gcc/avr/4.5.1/../../../../avr/lib/avr5/crtm32u4.o (exit)
c:/program files/atmel/avr studio 5.1/extensions/atmel/avrgcc/3.3.1.27/avrtoolchain/bin/../lib/gcc/avr/4.5.1/avr5\libgcc.a(_copy_data.o)
                              start_boot.o (__do_copy_data)
c:/program files/atmel/avr studio 5.1/extensions/atmel/avrgcc/3.3.1.27/avrtoolchain/bin/../lib/gcc/avr/4.5.1/avr5\libgcc.a(_clear_bss.o)
                              usb_standard_request.o (__do_clear_bss)

Allocating common symbols
Common symbol       size              file

endpoint_status     0x7               usb_standard_request.o
length              0x1               hid_task.o
data_to_send_buff   0x40              hid_task.o
cpt_sof             0x1               hid_task.o
error               0x1               hid_task.o
data_received_buff  0x40              hid_task.o
usb_configuration_nb
                    0x1               usb_standard_request.o
transfer_type       0x2               hid_task.o
data_to_transfer    0x1               usb_standard_request.o
pbuffer             0x2               usb_standard_request.o
reset_flag          0x1               hid_task.o

Memory Configuration

Name             Origin             Length             Attributes
text             0x00000000         0x00020000         xr
data             0x00800060         0x0000ffa0         rw !x
eeprom           0x00810000         0x00010000         rw !x
fuse             0x00820000         0x00000400         rw !x
lock             0x00830000         0x00000400         rw !x
signature        0x00840000         0x00000400         rw !x
*default*        0x00000000         0xffffffff

Linker script and memory map

Address of section .data set to 0x800100
LOAD c:/program files/atmel/avr studio 5.1/extensions/atmel/avrgcc/3.3.1.27/avrtoolchain/bin/../lib/gcc/avr/4.5.1/../../../../avr/lib/avr5/crtm32u4.o
LOAD main.o
LOAD usb_standard_request.o
LOAD usb_task.o
LOAD scheduler.o
LOAD start_boot.o
LOAD usb_descriptors.o
LOAD usb_device_task.o
LOAD usb_drv.o
LOAD usb_specific_request.o
LOAD power_drv.o
LOAD hid_task.o
LOAD flash_drv.o
LOAD c:/program files/atmel/avr studio 5.1/extensions/atmel/avrgcc/3.3.1.27/avrtoolchain/bin/../lib/gcc/avr/4.5.1/avr5\libgcc.a
LOAD c:/program files/atmel/avr studio 5.1/extensions/atmel/avrgcc/3.3.1.27/avrtoolchain/bin/../lib/gcc/avr/4.5.1/../../../../avr/lib/avr5\libc.a
LOAD c:/program files/atmel/avr studio 5.1/extensions/atmel/avrgcc/3.3.1.27/avrtoolchain/bin/../lib/gcc/avr/4.5.1/avr5\libgcc.a

.hash
 *(.hash)

.dynsym
 *(.dynsym)

.dynstr
 *(.dynstr)

.gnu.version
 *(.gnu.version)

.gnu.version_d
 *(.gnu.version_d)

.gnu.version_r
 *(.gnu.version_r)

.rel.init
 *(.rel.init)

.rela.init
 *(.rela.init)

.rel.text
 *(.rel.text)
 *(.rel.text.*)
 *(.rel.gnu.linkonce.t*)

.rela.text
 *(.rela.text)
 *(.rela.text.*)
 *(.rela.gnu.linkonce.t*)

.rel.fini
 *(.rel.fini)

.rela.fini
 *(.rela.fini)

.rel.rodata
 *(.rel.rodata)
 *(.rel.rodata.*)
 *(.rel.gnu.linkonce.r*)

.rela.rodata
 *(.rela.rodata)
 *(.rela.rodata.*)
 *(.rela.gnu.linkonce.r*)

.rel.data
 *(.rel.data)
 *(.rel.data.*)
 *(.rel.gnu.linkonce.d*)

.rela.data
 *(.rela.data)
 *(.rela.data.*)
 *(.rela.gnu.linkonce.d*)

.rel.ctors
 *(.rel.ctors)

.rela.ctors
 *(.rela.ctors)

.rel.dtors
 *(.rel.dtors)

.rela.dtors
 *(.rela.dtors)

.rel.got
 *(.rel.got)

.rela.got
 *(.rela.got)

.rel.bss
 *(.rel.bss)

.rela.bss
 *(.rela.bss)

.rel.plt
 *(.rel.plt)

.rela.plt
 *(.rela.plt)

.text           0x00000000     0x11dc
 *(.vectors)
 .vectors       0x00000000       0xac c:/program files/atmel/avr studio 5.1/extensions/atmel/avrgcc/3.3.1.27/avrtoolchain/bin/../lib/gcc/avr/4.5.1/../../../../avr/lib/avr5/crtm32u4.o
                0x00000000                __vector_default
                0x00000000                __vectors
 *(.vectors)
 *(.progmem.gcc*)
 *(.progmem*)
 .progmem.data  0x000000ac       0xa2 usb_descriptors.o
                0x000000ac                usb_dev_desc
                0x000000be                usb_conf_desc
                0x000000e7                usb_user_manufacturer_string_descriptor
                0x000000f3                usb_user_product_string_descriptor
                0x00000115                usb_user_language_id
                0x00000119                usb_hid_report_descriptor
                0x0000014e                . = ALIGN (0x2)
                0x0000014e                __trampolines_start = .
 *(.trampolines)
 .trampolines   0x0000014e        0x0 linker stubs
 *(.trampolines*)
                0x0000014e                __trampolines_end = .
 *(.jumptables)
 *(.jumptables*)
 *(.lowtext)
 *(.lowtext*)
                0x0000014e                __ctors_start = .
 *(.ctors)
                0x0000014e                __ctors_end = .
                0x0000014e                __dtors_start = .
 *(.dtors)
                0x0000014e                __dtors_end = .
 SORT(*)(.ctors)
 SORT(*)(.dtors)
 *(.init0)
 .init0         0x0000014e        0x0 c:/program files/atmel/avr studio 5.1/extensions/atmel/avrgcc/3.3.1.27/avrtoolchain/bin/../lib/gcc/avr/4.5.1/../../../../avr/lib/avr5/crtm32u4.o
                0x0000014e                __init
 *(.init0)
 *(.init1)
 *(.init1)
 *(.init2)
 .init2         0x0000014e        0xc c:/program files/atmel/avr studio 5.1/extensions/atmel/avrgcc/3.3.1.27/avrtoolchain/bin/../lib/gcc/avr/4.5.1/../../../../avr/lib/avr5/crtm32u4.o
 *(.init2)
 *(.init3)
 .init3         0x0000015a       0x16 main.o
                0x0000015a                __low_level_init
 *(.init3)
 *(.init4)
 .init4         0x00000170       0x16 c:/program files/atmel/avr studio 5.1/extensions/atmel/avrgcc/3.3.1.27/avrtoolchain/bin/../lib/gcc/avr/4.5.1/avr5\libgcc.a(_copy_data.o)
                0x00000170                __do_copy_data
 .init4         0x00000186       0x10 c:/program files/atmel/avr studio 5.1/extensions/atmel/avrgcc/3.3.1.27/avrtoolchain/bin/../lib/gcc/avr/4.5.1/avr5\libgcc.a(_clear_bss.o)
                0x00000186                __do_clear_bss
 *(.init4)
 *(.init5)
 *(.init5)
 *(.init6)
 *(.init6)
 *(.init7)
 *(.init7)
 *(.init8)
 *(.init8)
 *(.init9)
 .init9         0x00000196        0x8 c:/program files/atmel/avr studio 5.1/extensions/atmel/avrgcc/3.3.1.27/avrtoolchain/bin/../lib/gcc/avr/4.5.1/../../../../avr/lib/avr5/crtm32u4.o
 *(.init9)
 *(.text)
 .text          0x0000019e        0x4 c:/program files/atmel/avr studio 5.1/extensions/atmel/avrgcc/3.3.1.27/avrtoolchain/bin/../lib/gcc/avr/4.5.1/../../../../avr/lib/avr5/crtm32u4.o
                0x0000019e                __vector_38
                0x0000019e                __vector_22
                0x0000019e                __vector_28
                0x0000019e                __vector_1
                0x0000019e                __vector_32
                0x0000019e                __vector_34
                0x0000019e                __vector_24
                0x0000019e                __vector_12
                0x0000019e                __bad_interrupt
                0x0000019e                __vector_6
                0x0000019e                __vector_31
                0x0000019e                __vector_35
                0x0000019e                __vector_39
                0x0000019e                __vector_3
                0x0000019e                __vector_23
                0x0000019e                __vector_30
                0x0000019e                __vector_25
                0x0000019e                __vector_11
                0x0000019e                __vector_13
                0x0000019e                __vector_17
                0x0000019e                __vector_19
                0x0000019e                __vector_7
                0x0000019e                __vector_41
                0x0000019e                __vector_27
                0x0000019e                __vector_5
                0x0000019e                __vector_33
                0x0000019e                __vector_37
                0x0000019e                __vector_4
                0x0000019e                __vector_9
                0x0000019e                __vector_2
                0x0000019e                __vector_21
                0x0000019e                __vector_15
                0x0000019e                __vector_36
                0x0000019e                __vector_29
                0x0000019e                __vector_40
                0x0000019e                __vector_8
                0x0000019e                __vector_26
                0x0000019e                __vector_14
                0x0000019e                __vector_16
                0x0000019e                __vector_18
                0x0000019e                __vector_20
                0x0000019e                __vector_42
 .text          0x000001a2       0x2c main.o
                0x000001a2                main
 .text          0x000001ce      0x48c usb_standard_request.o
                0x000001ce                usb_process_request
                0x0000061c                usb_generate_remote_wakeup
 .text          0x0000065a      0x1d0 usb_task.o
                0x0000065a                usb_task_init
                0x0000066a                usb_task
                0x00000670                __vector_10
 .text          0x0000082a       0x20 scheduler.o
                0x0000082a                scheduler_init
                0x00000834                scheduler_tasks
                0x0000083e                scheduler
                0x00000848                scheduler_empty_fct
 .text          0x0000084a       0x62 start_boot.o
                0x0000084a                start_boot
                0x00000864                start_boot_if_required
                0x000008a0                goto_boot
 .text          0x000008ac        0x0 usb_descriptors.o
 .text          0x000008ac      0x138 usb_device_task.o
                0x000008ac                usb_device_task_init
                0x000008c6                usb_start_device
                0x00000922                usb_device_task
 .text          0x000009e4       0xb2 usb_drv.o
                0x000009e4                usb_config_ep
                0x00000a10                usb_select_enpoint_interrupt
                0x00000a28                usb_send_packet
                0x00000a48                usb_read_packet
                0x00000a68                usb_halt_endpoint
                0x00000a78                usb_init_device
 .text          0x00000a96      0x41e usb_specific_request.o
                0x00000a96                usb_user_endpoint_init
                0x00000abc                usb_user_interface_get
                0x00000ac0                usb_user_interface_reset
                0x00000b0c                usb_user_get_descriptor
                0x00000b54                hid_get_report_descriptor
                0x00000c22                usb_hid_set_report_ouput
                0x00000c5e                usb_hid_set_idle
                0x00000c9e                usb_hid_get_idle
                0x00000d10                usb_hid_set_report_feature
                0x00000d7a                hid_get_hid_descriptor
                0x00000e48                usb_user_read_request
 .text          0x00000eb4       0x98 power_drv.o
                0x00000eb4                set_power_down_mode
                0x00000ec0                set_idle_mode
                0x00000ecc                set_adc_noise_reduction_mode
                0x00000ed8                set_power_save_mode
                0x00000ee4                set_standby_mode
                0x00000ef0                set_ext_standby_mode
                0x00000efc                Clock_switch_external
                0x00000f24                Clock_switch_internal
 .text          0x00000f4c      0x260 hid_task.o
                0x00000f4c                hid_task_init
                0x00000f92                sof_action
                0x00000f9e                set_speed
                0x00000fca                read_speed
                0x00000fd2                GetReceivedData
                0x00000ffe                GetItemType
                0x00001012                hid_report_out
                0x000010de                get_flags
                0x000010fc                set_flags
                0x00001102                get_version
                0x00001106                send_short_item
                0x00001134                hid_report_in
                0x0000119a                hid_task
 .text          0x000011ac       0x2c flash_drv.o
                0x000011ac                flash_read_sig
                0x000011bc                flash_read_fuse
 .text          0x000011d8        0x0 c:/program files/atmel/avr studio 5.1/extensions/atmel/avrgcc/3.3.1.27/avrtoolchain/bin/../lib/gcc/avr/4.5.1/avr5\libgcc.a(_exit.o)
 .text          0x000011d8        0x0 c:/program files/atmel/avr studio 5.1/extensions/atmel/avrgcc/3.3.1.27/avrtoolchain/bin/../lib/gcc/avr/4.5.1/avr5\libgcc.a(_copy_data.o)
 .text          0x000011d8        0x0 c:/program files/atmel/avr studio 5.1/extensions/atmel/avrgcc/3.3.1.27/avrtoolchain/bin/../lib/gcc/avr/4.5.1/avr5\libgcc.a(_clear_bss.o)
                0x000011d8                . = ALIGN (0x2)
 *(.text.*)
 .text.libgcc   0x000011d8        0x0 c:/program files/atmel/avr studio 5.1/extensions/atmel/avrgcc/3.3.1.27/avrtoolchain/bin/../lib/gcc/avr/4.5.1/avr5\libgcc.a(_exit.o)
 .text.libgcc   0x000011d8        0x0 c:/program files/atmel/avr studio 5.1/extensions/atmel/avrgcc/3.3.1.27/avrtoolchain/bin/../lib/gcc/avr/4.5.1/avr5\libgcc.a(_copy_data.o)
 .text.libgcc   0x000011d8        0x0 c:/program files/atmel/avr studio 5.1/extensions/atmel/avrgcc/3.3.1.27/avrtoolchain/bin/../lib/gcc/avr/4.5.1/avr5\libgcc.a(_clear_bss.o)
                0x000011d8                . = ALIGN (0x2)
 *(.fini9)
 .fini9         0x000011d8        0x0 c:/program files/atmel/avr studio 5.1/extensions/atmel/avrgcc/3.3.1.27/avrtoolchain/bin/../lib/gcc/avr/4.5.1/avr5\libgcc.a(_exit.o)
                0x000011d8                _exit
                0x000011d8                exit
 *(.fini9)
 *(.fini8)
 *(.fini8)
 *(.fini7)
 *(.fini7)
 *(.fini6)
 *(.fini6)
 *(.fini5)
 *(.fini5)
 *(.fini4)
 *(.fini4)
 *(.fini3)
 *(.fini3)
 *(.fini2)
 *(.fini2)
 *(.fini1)
 *(.fini1)
 *(.fini0)
 .fini0         0x000011d8        0x4 c:/program files/atmel/avr studio 5.1/extensions/atmel/avrgcc/3.3.1.27/avrtoolchain/bin/../lib/gcc/avr/4.5.1/avr5\libgcc.a(_exit.o)
 *(.fini0)
                0x000011dc                _etext = .

.data           0x00800100        0x4 load address 0x000011dc
                0x00800100                PROVIDE (__data_start, .)
 *(.data)
 .data          0x00800100        0x0 c:/program files/atmel/avr studio 5.1/extensions/atmel/avrgcc/3.3.1.27/avrtoolchain/bin/../lib/gcc/avr/4.5.1/../../../../avr/lib/avr5/crtm32u4.o
 .data          0x00800100        0x0 main.o
 .data          0x00800100        0x0 usb_standard_request.o
 .data          0x00800100        0x0 usb_task.o
 .data          0x00800100        0x0 scheduler.o
 .data          0x00800100        0x2 start_boot.o
                0x00800100                start_bootloader
 .data          0x00800102        0x0 usb_descriptors.o
 .data          0x00800102        0x0 usb_device_task.o
 .data          0x00800102        0x0 usb_drv.o
 .data          0x00800102        0x0 usb_specific_request.o
 .data          0x00800102        0x0 power_drv.o
 .data          0x00800102        0x1 hid_task.o
                0x00800102                flags
 .data          0x00800103        0x0 flash_drv.o
 .data          0x00800103        0x0 c:/program files/atmel/avr studio 5.1/extensions/atmel/avrgcc/3.3.1.27/avrtoolchain/bin/../lib/gcc/avr/4.5.1/avr5\libgcc.a(_exit.o)
 .data          0x00800103        0x0 c:/program files/atmel/avr studio 5.1/extensions/atmel/avrgcc/3.3.1.27/avrtoolchain/bin/../lib/gcc/avr/4.5.1/avr5\libgcc.a(_copy_data.o)
 .data          0x00800103        0x0 c:/program files/atmel/avr studio 5.1/extensions/atmel/avrgcc/3.3.1.27/avrtoolchain/bin/../lib/gcc/avr/4.5.1/avr5\libgcc.a(_clear_bss.o)
 *(.data*)
 *(.rodata)
 *(.rodata*)
 *(.gnu.linkonce.d*)
                0x00800104                . = ALIGN (0x2)
 *fill*         0x00800103        0x1 00
                0x00800104                _edata = .
                0x00800104                PROVIDE (__data_end, .)

.bss            0x00800104       0x9f
                0x00800104                PROVIDE (__bss_start, .)
 *(.bss)
 .bss           0x00800104        0x0 c:/program files/atmel/avr studio 5.1/extensions/atmel/avrgcc/3.3.1.27/avrtoolchain/bin/../lib/gcc/avr/4.5.1/../../../../avr/lib/avr5/crtm32u4.o
 .bss           0x00800104        0x0 main.o
 .bss           0x00800104        0x2 usb_standard_request.o
                0x00800104                remote_wakeup_feature
                0x00800105                device_status
 .bss           0x00800106        0x2 usb_task.o
                0x00800106                g_usb_event
 .bss           0x00800108        0x0 scheduler.o
 .bss           0x00800108        0x0 start_boot.o
 .bss           0x00800108        0x0 usb_descriptors.o
 .bss           0x00800108        0x2 usb_device_task.o
                0x00800108                usb_connected
                0x00800109                usb_suspended
 .bss           0x0080010a        0x0 usb_drv.o
 .bss           0x0080010a        0x2 usb_specific_request.o
                0x0080010a                jump_bootloader
                0x0080010b                g_u8_report_rate
 .bss           0x0080010c        0x0 power_drv.o
 .bss           0x0080010c        0x6 hid_task.o
                0x0080010c                cnt
                0x0080010e                reset
                0x0080010f                i
 .bss           0x00800112        0x0 flash_drv.o
 .bss           0x00800112        0x0 c:/program files/atmel/avr studio 5.1/extensions/atmel/avrgcc/3.3.1.27/avrtoolchain/bin/../lib/gcc/avr/4.5.1/avr5\libgcc.a(_exit.o)
 .bss           0x00800112        0x0 c:/program files/atmel/avr studio 5.1/extensions/atmel/avrgcc/3.3.1.27/avrtoolchain/bin/../lib/gcc/avr/4.5.1/avr5\libgcc.a(_copy_data.o)
 .bss           0x00800112        0x0 c:/program files/atmel/avr studio 5.1/extensions/atmel/avrgcc/3.3.1.27/avrtoolchain/bin/../lib/gcc/avr/4.5.1/avr5\libgcc.a(_clear_bss.o)
 *(.bss*)
 *(COMMON)
 COMMON         0x00800112        0xb usb_standard_request.o
                0x00800112                endpoint_status
                0x00800119                usb_configuration_nb
                0x0080011a                data_to_transfer
                0x0080011b                pbuffer
 COMMON         0x0080011d       0x86 hid_task.o
                0x0080011d                length
                0x0080011e                data_to_send_buff
                0x0080015e                cpt_sof
                0x0080015f                error
                0x00800160                data_received_buff
                0x008001a0                transfer_type
                0x008001a2                reset_flag
                0x008001a3                PROVIDE (__bss_end, .)
                0x000011dc                __data_load_start = LOADADDR (.data)
                0x000011e0                __data_load_end = (__data_load_start + SIZEOF (.data))

.noinit         0x008001a3        0x4
                0x008001a3                PROVIDE (__noinit_start, .)
 *(.noinit*)
 .noinit        0x008001a3        0x4 start_boot.o
                0x008001a3                boot_key
                0x008001a7                PROVIDE (__noinit_end, .)
                0x008001a7                _end = .
                0x008001a7                PROVIDE (__heap_start, .)

.eeprom         0x00810000        0x0
 *(.eeprom*)
                0x00810000                __eeprom_end = .

.fuse
 *(.fuse)
 *(.lfuse)
 *(.hfuse)
 *(.efuse)

.lock
 *(.lock*)

.signature
 *(.signature*)

.stab           0x00000000      0x6cc
 *(.stab)
 .stab          0x00000000      0x6cc c:/program files/atmel/avr studio 5.1/extensions/atmel/avrgcc/3.3.1.27/avrtoolchain/bin/../lib/gcc/avr/4.5.1/../../../../avr/lib/avr5/crtm32u4.o

.stabstr        0x00000000       0x90
 *(.stabstr)
 .stabstr       0x00000000       0x90 c:/program files/atmel/avr studio 5.1/extensions/atmel/avrgcc/3.3.1.27/avrtoolchain/bin/../lib/gcc/avr/4.5.1/../../../../avr/lib/avr5/crtm32u4.o

.stab.excl
 *(.stab.excl)

.stab.exclstr
 *(.stab.exclstr)

.stab.index
 *(.stab.index)

.stab.indexstr
 *(.stab.indexstr)

.comment
 *(.comment)

.debug
 *(.debug)

.line
 *(.line)

.debug_srcinfo
 *(.debug_srcinfo)

.debug_sfnames
 *(.debug_sfnames)

.debug_aranges  0x00000000      0x168
 *(.debug_aranges)
 .debug_aranges
                0x00000000       0x28 main.o
 .debug_aranges
                0x00000028       0x20 usb_standard_request.o
 .debug_aranges
                0x00000048       0x20 usb_task.o
 .debug_aranges
                0x00000068       0x20 scheduler.o
 .debug_aranges
                0x00000088       0x20 start_boot.o
 .debug_aranges
                0x000000a8       0x20 usb_device_task.o
 .debug_aranges
                0x000000c8       0x20 usb_drv.o
 .debug_aranges
                0x000000e8       0x20 usb_specific_request.o
 .debug_aranges
                0x00000108       0x20 power_drv.o
 .debug_aranges
                0x00000128       0x20 hid_task.o
 .debug_aranges
                0x00000148       0x20 flash_drv.o

.debug_pubnames
                0x00000000      0x78e
 *(.debug_pubnames)
 .debug_pubnames
                0x00000000       0x30 main.o
 .debug_pubnames
                0x00000030       0xc3 usb_standard_request.o
 .debug_pubnames
                0x000000f3       0x51 usb_task.o
 .debug_pubnames
                0x00000144       0x5f scheduler.o
 .debug_pubnames
                0x000001a3       0x6c start_boot.o
 .debug_pubnames
                0x0000020f       0xbf usb_descriptors.o
 .debug_pubnames
                0x000002ce       0x78 usb_device_task.o
 .debug_pubnames
                0x00000346       0x97 usb_drv.o
 .debug_pubnames
                0x000003dd      0x163 usb_specific_request.o
 .debug_pubnames
                0x00000540       0xd7 power_drv.o
 .debug_pubnames
                0x00000617      0x177 hid_task.o

.debug_info     0x00000000     0x25e4
 *(.debug_info)
 .debug_info    0x00000000      0x19b main.o
 .debug_info    0x0000019b      0x935 usb_standard_request.o
 .debug_info    0x00000ad0      0x125 usb_task.o
 .debug_info    0x00000bf5       0xe2 scheduler.o
 .debug_info    0x00000cd7      0x118 start_boot.o
 .debug_info    0x00000def      0x5b3 usb_descriptors.o
 .debug_info    0x000013a2      0x151 usb_device_task.o
 .debug_info    0x000014f3      0x20d usb_drv.o
 .debug_info    0x00001700      0x83d usb_specific_request.o
 .debug_info    0x00001f3d      0x13b power_drv.o
 .debug_info    0x00002078      0x4ca hid_task.o
 .debug_info    0x00002542       0xa2 flash_drv.o
 *(.gnu.linkonce.wi.*)

.debug_abbrev   0x00000000      0xa8b
 *(.debug_abbrev)
 .debug_abbrev  0x00000000       0xe1 main.o
 .debug_abbrev  0x000000e1      0x213 usb_standard_request.o
 .debug_abbrev  0x000002f4       0x82 usb_task.o
 .debug_abbrev  0x00000376       0x5d scheduler.o
 .debug_abbrev  0x000003d3       0x7e start_boot.o
 .debug_abbrev  0x00000451       0xd3 usb_descriptors.o
 .debug_abbrev  0x00000524       0x82 usb_device_task.o
 .debug_abbrev  0x000005a6       0xc1 usb_drv.o
 .debug_abbrev  0x00000667      0x1d1 usb_specific_request.o
 .debug_abbrev  0x00000838       0x4c power_drv.o
 .debug_abbrev  0x00000884      0x1f3 hid_task.o
 .debug_abbrev  0x00000a77       0x14 flash_drv.o

.debug_line     0x00000000     0x2030
 *(.debug_line)
 .debug_line    0x00000000      0x1dd main.o
 .debug_line    0x000001dd      0x6da usb_standard_request.o
 .debug_line    0x000008b7      0x2f7 usb_task.o
 .debug_line    0x00000bae       0xd3 scheduler.o
 .debug_line    0x00000c81       0xe1 start_boot.o
 .debug_line    0x00000d62       0xaa usb_descriptors.o
 .debug_line    0x00000e0c      0x2fc usb_device_task.o
 .debug_line    0x00001108      0x278 usb_drv.o
 .debug_line    0x00001380      0x5f6 usb_specific_request.o
 .debug_line    0x00001976      0x218 power_drv.o
 .debug_line    0x00001b8e      0x438 hid_task.o
 .debug_line    0x00001fc6       0x6a flash_drv.o

.debug_frame    0x00000000      0x410
 *(.debug_frame)
 .debug_frame   0x00000000       0x30 main.o
 .debug_frame   0x00000030       0x30 usb_standard_request.o
 .debug_frame   0x00000060       0x40 usb_task.o
 .debug_frame   0x000000a0       0x50 scheduler.o
 .debug_frame   0x000000f0       0x40 start_boot.o
 .debug_frame   0x00000130       0x40 usb_device_task.o
 .debug_frame   0x00000170       0x70 usb_drv.o
 .debug_frame   0x000001e0       0xc0 usb_specific_request.o
 .debug_frame   0x000002a0       0x90 power_drv.o
 .debug_frame   0x00000330       0xe0 hid_task.o

.debug_str      0x00000000      0xe3b
 *(.debug_str)
 .debug_str     0x00000000      0x18e main.o
                                0x1c7 (size before relaxing)
 .debug_str     0x0000018e      0x4e7 usb_standard_request.o
                                0x5f3 (size before relaxing)
 .debug_str     0x00000675       0x60 usb_task.o
                                0x163 (size before relaxing)
 .debug_str     0x000006d5       0x67 scheduler.o
                                0x162 (size before relaxing)
 .debug_str     0x0000073c       0x6c start_boot.o
                                0x167 (size before relaxing)
 .debug_str     0x000007a8      0x102 usb_descriptors.o
                                0x4cc (size before relaxing)
 .debug_str     0x000008aa       0x7b usb_device_task.o
                                0x1ad (size before relaxing)
 .debug_str     0x00000925       0xdd usb_drv.o
                                0x1e0 (size before relaxing)
 .debug_str     0x00000a02      0x16d usb_specific_request.o
                                0x5f3 (size before relaxing)
 .debug_str     0x00000b6f       0xcb power_drv.o
                                0x1ce (size before relaxing)
 .debug_str     0x00000c3a      0x201 hid_task.o
                                0x368 (size before relaxing)

.debug_loc      0x00000000      0x7a1
 *(.debug_loc)
 .debug_loc     0x00000000      0x283 usb_standard_request.o
 .debug_loc     0x00000283      0x1c6 usb_drv.o
 .debug_loc     0x00000449      0x2b6 usb_specific_request.o
 .debug_loc     0x000006ff       0xa2 hid_task.o

.debug_macinfo
 *(.debug_macinfo)
OUTPUT(EVK527-series4-hidio.elf elf32-avr)
LOAD linker stubs

.debug_pubtypes
                0x00000000      0x542
 .debug_pubtypes
                0x00000000       0x3b main.o
 .debug_pubtypes
                0x0000003b      0x10e usb_standard_request.o
 .debug_pubtypes
                0x00000149       0x2d usb_task.o
 .debug_pubtypes
                0x00000176       0x12 scheduler.o
 .debug_pubtypes
                0x00000188       0x1a start_boot.o
 .debug_pubtypes
                0x000001a2      0x161 usb_descriptors.o
 .debug_pubtypes
                0x00000303       0x2d usb_device_task.o
 .debug_pubtypes
                0x00000330       0x25 usb_drv.o
 .debug_pubtypes
                0x00000355      0x175 usb_specific_request.o
 .debug_pubtypes
                0x000004ca       0x1e power_drv.o
 .debug_pubtypes
                0x000004e8       0x5a hid_task.o

.debug_ranges   0x00000000       0x48
 .debug_ranges  0x00000000       0x18 main.o
 .debug_ranges  0x00000018       0x30 usb_standard_request.o
