Archive member included because of file (symbol)

c:/winavr-20100110/bin/../lib/gcc/avr/4.3.3/avr5\libgcc.a(_exit.o)
                              c:/winavr-20100110/bin/../lib/gcc/avr/4.3.3/../../../../avr/lib/avr5/crtm32u4.o (exit)
c:/winavr-20100110/bin/../lib/gcc/avr/4.3.3/avr5\libgcc.a(_copy_data.o)
                              default/start_boot.o (__do_copy_data)
c:/winavr-20100110/bin/../lib/gcc/avr/4.3.3/avr5\libgcc.a(_clear_bss.o)
                              default/usb_standard_request.o (__do_clear_bss)

Allocating common symbols
Common symbol       size              file

endpoint_status     0x7               default/usb_standard_request.o
ispdata_to_send     0x31              default/hid_task.o
i                   0x1               default/hid_task.o
usb_configuration_nb
                    0x1               default/usb_standard_request.o
ispdata_received    0x31              default/hid_task.o
data_to_transfer    0x1               default/usb_standard_request.o
pbuffer             0x2               default/usb_standard_request.o

Discarded input sections

 .data          0x00000000        0x0 c:/winavr-20100110/bin/../lib/gcc/avr/4.3.3/../../../../avr/lib/avr5/crtm32u4.o
 .bss           0x00000000        0x0 c:/winavr-20100110/bin/../lib/gcc/avr/4.3.3/../../../../avr/lib/avr5/crtm32u4.o
 .text          0x00000000        0x0 default/wdt_drv.o
 .data          0x00000000        0x0 default/wdt_drv.o
 .bss           0x00000000        0x0 default/wdt_drv.o
 .text.wdtdrv_interrupt_enable
                0x00000000        0x0 default/wdt_drv.o
 .text.wdtdrv_interrupt_reset_enable
                0x00000000        0x0 default/wdt_drv.o
 .text          0x00000000        0x0 default/main.o
 .data          0x00000000        0x0 default/main.o
 .bss           0x00000000        0x0 default/main.o
 .text          0x00000000        0x0 default/usb_standard_request.o
 .data          0x00000000        0x0 default/usb_standard_request.o
 .text.usb_generate_remote_wakeup
                0x00000000        0x0 default/usb_standard_request.o
 .text          0x00000000        0x0 default/usb_task.o
 .data          0x00000000        0x0 default/usb_task.o
 .text          0x00000000        0x0 default/scheduler.o
 .data          0x00000000        0x0 default/scheduler.o
 .bss           0x00000000        0x0 default/scheduler.o
 .text.scheduler_empty_fct
                0x00000000        0x0 default/scheduler.o
 .text          0x00000000        0x0 default/start_boot.o
 .bss           0x00000000        0x0 default/start_boot.o
 .text.goto_boot
                0x00000000        0x0 default/start_boot.o
 .text          0x00000000        0x0 default/usb_descriptors.o
 .data          0x00000000        0x0 default/usb_descriptors.o
 .bss           0x00000000        0x0 default/usb_descriptors.o
 .text          0x00000000        0x0 default/usb_device_task.o
 .data          0x00000000        0x0 default/usb_device_task.o
 .text          0x00000000        0x0 default/usb_drv.o
 .data          0x00000000        0x0 default/usb_drv.o
 .bss           0x00000000        0x0 default/usb_drv.o
 .text.usb_select_enpoint_interrupt
                0x00000000        0x0 default/usb_drv.o
 .text.usb_send_packet
                0x00000000        0x0 default/usb_drv.o
 .text.usb_read_packet
                0x00000000        0x0 default/usb_drv.o
 .text.usb_halt_endpoint
                0x00000000        0x0 default/usb_drv.o
 .text          0x00000000        0x0 default/usb_specific_request.o
 .data          0x00000000        0x0 default/usb_specific_request.o
 .text          0x00000000        0x0 default/power_drv.o
 .data          0x00000000        0x0 default/power_drv.o
 .bss           0x00000000        0x0 default/power_drv.o
 .text.set_power_down_mode
                0x00000000        0x0 default/power_drv.o
 .text.set_idle_mode
                0x00000000        0x0 default/power_drv.o
 .text.set_adc_noise_reduction_mode
                0x00000000        0x0 default/power_drv.o
 .text.set_power_save_mode
                0x00000000        0x0 default/power_drv.o
 .text.set_standby_mode
                0x00000000        0x0 default/power_drv.o
 .text.set_ext_standby_mode
                0x00000000        0x0 default/power_drv.o
 .text.Clock_switch_external
                0x00000000        0x0 default/power_drv.o
 .text.Clock_switch_internal
                0x00000000        0x0 default/power_drv.o
 .text          0x00000000        0x0 default/hid_task.o
 .data          0x00000000        0x0 default/hid_task.o
 .text          0x00000000        0x0 default/flash_drv.o
 .data          0x00000000        0x0 default/flash_drv.o
 .bss           0x00000000        0x0 default/flash_drv.o
 .text          0x00000000        0x0 c:/winavr-20100110/bin/../lib/gcc/avr/4.3.3/avr5\libgcc.a(_exit.o)
 .data          0x00000000        0x0 c:/winavr-20100110/bin/../lib/gcc/avr/4.3.3/avr5\libgcc.a(_exit.o)
 .bss           0x00000000        0x0 c:/winavr-20100110/bin/../lib/gcc/avr/4.3.3/avr5\libgcc.a(_exit.o)
 .text.libgcc   0x00000000        0x0 c:/winavr-20100110/bin/../lib/gcc/avr/4.3.3/avr5\libgcc.a(_exit.o)
 .text          0x00000000        0x0 c:/winavr-20100110/bin/../lib/gcc/avr/4.3.3/avr5\libgcc.a(_copy_data.o)
 .data          0x00000000        0x0 c:/winavr-20100110/bin/../lib/gcc/avr/4.3.3/avr5\libgcc.a(_copy_data.o)
 .bss           0x00000000        0x0 c:/winavr-20100110/bin/../lib/gcc/avr/4.3.3/avr5\libgcc.a(_copy_data.o)
 .text.libgcc   0x00000000        0x0 c:/winavr-20100110/bin/../lib/gcc/avr/4.3.3/avr5\libgcc.a(_copy_data.o)
 .text          0x00000000        0x0 c:/winavr-20100110/bin/../lib/gcc/avr/4.3.3/avr5\libgcc.a(_clear_bss.o)
 .data          0x00000000        0x0 c:/winavr-20100110/bin/../lib/gcc/avr/4.3.3/avr5\libgcc.a(_clear_bss.o)
 .bss           0x00000000        0x0 c:/winavr-20100110/bin/../lib/gcc/avr/4.3.3/avr5\libgcc.a(_clear_bss.o)
 .text.libgcc   0x00000000        0x0 c:/winavr-20100110/bin/../lib/gcc/avr/4.3.3/avr5\libgcc.a(_clear_bss.o)

Memory Configuration

Name             Origin             Length             Attributes
text             0x00000000         0x00020000         xr
data             0x00800060         0x0000ffa0         rw !x
eeprom           0x00810000         0x00010000         rw !x
fuse             0x00820000         0x00000400         rw !x
lock             0x00830000         0x00000400         rw !x
signature        0x00840000         0x00000400         rw !x
*default*        0x00000000         0xffffffff

Linker script and memory map

Address of section .data set to 0x800100
LOAD c:/winavr-20100110/bin/../lib/gcc/avr/4.3.3/../../../../avr/lib/avr5/crtm32u4.o
LOAD default/wdt_drv.o
LOAD default/main.o
LOAD default/usb_standard_request.o
LOAD default/usb_task.o
LOAD default/scheduler.o
LOAD default/start_boot.o
LOAD default/usb_descriptors.o
LOAD default/usb_device_task.o
LOAD default/usb_drv.o
LOAD default/usb_specific_request.o
LOAD default/power_drv.o
LOAD default/hid_task.o
LOAD default/flash_drv.o
LOAD c:/winavr-20100110/bin/../lib/gcc/avr/4.3.3/avr5\libgcc.a
LOAD c:/winavr-20100110/bin/../lib/gcc/avr/4.3.3/../../../../avr/lib/avr5\libc.a
LOAD c:/winavr-20100110/bin/../lib/gcc/avr/4.3.3/avr5\libgcc.a

.hash
 *(.hash)

.dynsym
 *(.dynsym)

.dynstr
 *(.dynstr)

.gnu.version
 *(.gnu.version)

.gnu.version_d
 *(.gnu.version_d)

.gnu.version_r
 *(.gnu.version_r)

.rel.init
 *(.rel.init)

.rela.init
 *(.rela.init)

.rel.text
 *(.rel.text)
 *(.rel.text.*)
 *(.rel.gnu.linkonce.t*)

.rela.text
 *(.rela.text)
 *(.rela.text.*)
 *(.rela.gnu.linkonce.t*)

.rel.fini
 *(.rel.fini)

.rela.fini
 *(.rela.fini)

.rel.rodata
 *(.rel.rodata)
 *(.rel.rodata.*)
 *(.rel.gnu.linkonce.r*)

.rela.rodata
 *(.rela.rodata)
 *(.rela.rodata.*)
 *(.rela.gnu.linkonce.r*)

.rel.data
 *(.rel.data)
 *(.rel.data.*)
 *(.rel.gnu.linkonce.d*)

.rela.data
 *(.rela.data)
 *(.rela.data.*)
 *(.rela.gnu.linkonce.d*)

.rel.ctors
 *(.rel.ctors)

.rela.ctors
 *(.rela.ctors)

.rel.dtors
 *(.rel.dtors)

.rela.dtors
 *(.rela.dtors)

.rel.got
 *(.rel.got)

.rela.got
 *(.rela.got)

.rel.bss
 *(.rel.bss)

.rela.bss
 *(.rela.bss)

.rel.plt
 *(.rel.plt)

.rela.plt
 *(.rela.plt)

.text           0x00000000      0xfd8
 *(.vectors)
 .vectors       0x00000000       0xac c:/winavr-20100110/bin/../lib/gcc/avr/4.3.3/../../../../avr/lib/avr5/crtm32u4.o
                0x00000000                __vectors
                0x00000000                __vector_default
 *(.vectors)
 *(.progmem.gcc*)
 *(.progmem*)
 .progmem.data  0x000000ac       0xa2 default/usb_descriptors.o
                0x00000115                usb_user_language_id
                0x000000ac                usb_dev_desc
                0x000000f3                usb_user_product_string_descriptor
                0x000000e7                usb_user_manufacturer_string_descriptor
                0x00000119                usb_hid_report_descriptor
                0x000000be                usb_conf_desc
                0x0000014e                . = ALIGN (0x2)
                0x0000014e                __trampolines_start = .
 *(.trampolines)
 .trampolines   0x0000014e        0x0 linker stubs
 *(.trampolines*)
                0x0000014e                __trampolines_end = .
 *(.jumptables)
 *(.jumptables*)
 *(.lowtext)
 *(.lowtext*)
                0x0000014e                __ctors_start = .
 *(.ctors)
                0x0000014e                __ctors_end = .
                0x0000014e                __dtors_start = .
 *(.dtors)
                0x0000014e                __dtors_end = .
 SORT(*)(.ctors)
 SORT(*)(.dtors)
 *(.init0)
 .init0         0x0000014e        0x0 c:/winavr-20100110/bin/../lib/gcc/avr/4.3.3/../../../../avr/lib/avr5/crtm32u4.o
                0x0000014e                __init
 *(.init0)
 *(.init1)
 *(.init1)
 *(.init2)
 .init2         0x0000014e        0xc c:/winavr-20100110/bin/../lib/gcc/avr/4.3.3/../../../../avr/lib/avr5/crtm32u4.o
 *(.init2)
 *(.init3)
 .init3         0x0000015a       0x16 default/main.o
                0x0000015a                __low_level_init
 *(.init3)
 *(.init4)
 .init4         0x00000170       0x16 c:/winavr-20100110/bin/../lib/gcc/avr/4.3.3/avr5\libgcc.a(_copy_data.o)
                0x00000170                __do_copy_data
 .init4         0x00000186       0x10 c:/winavr-20100110/bin/../lib/gcc/avr/4.3.3/avr5\libgcc.a(_clear_bss.o)
                0x00000186                __do_clear_bss
 *(.init4)
 *(.init5)
 *(.init5)
 *(.init6)
 *(.init6)
 *(.init7)
 *(.init7)
 *(.init8)
 *(.init8)
 *(.init9)
 .init9         0x00000196        0x4 c:/winavr-20100110/bin/../lib/gcc/avr/4.3.3/../../../../avr/lib/avr5/crtm32u4.o
 *(.init9)
 *(.text)
 .text          0x0000019a        0x2 c:/winavr-20100110/bin/../lib/gcc/avr/4.3.3/../../../../avr/lib/avr5/crtm32u4.o
                0x0000019a                __vector_38
                0x0000019a                __vector_22
                0x0000019a                __vector_28
                0x0000019a                __vector_1
                0x0000019a                __vector_32
                0x0000019a                __vector_34
                0x0000019a                __vector_24
                0x0000019a                __vector_12
                0x0000019a                __bad_interrupt
                0x0000019a                __vector_6
                0x0000019a                __vector_31
                0x0000019a                __vector_35
                0x0000019a                __vector_39
                0x0000019a                __vector_3
                0x0000019a                __vector_23
                0x0000019a                __vector_30
                0x0000019a                __vector_25
                0x0000019a                __vector_11
                0x0000019a                __vector_13
                0x0000019a                __vector_17
                0x0000019a                __vector_19
                0x0000019a                __vector_7
                0x0000019a                __vector_41
                0x0000019a                __vector_27
                0x0000019a                __vector_5
                0x0000019a                __vector_33
                0x0000019a                __vector_37
                0x0000019a                __vector_4
                0x0000019a                __vector_9
                0x0000019a                __vector_2
                0x0000019a                __vector_21
                0x0000019a                __vector_15
                0x0000019a                __vector_36
                0x0000019a                __vector_29
                0x0000019a                __vector_40
                0x0000019a                __vector_8
                0x0000019a                __vector_26
                0x0000019a                __vector_14
                0x0000019a                __vector_16
                0x0000019a                __vector_18
                0x0000019a                __vector_20
                0x0000019a                __vector_42
                0x0000019c                . = ALIGN (0x2)
 *(.text.*)
 .text.wdtdrv_disable
                0x0000019c       0x20 default/wdt_drv.o
                0x0000019c                wdtdrv_disable
 .text.wdtdrv_enable
                0x000001bc       0x34 default/wdt_drv.o
                0x000001bc                wdtdrv_enable
 .text.main     0x000001f0       0x2a default/main.o
                0x000001f0                main
 .text.usb_process_request
                0x0000021a      0x45c default/usb_standard_request.o
                0x0000021a                usb_process_request
 .text.__vector_10
                0x00000676      0x1b6 default/usb_task.o
                0x00000676                __vector_10
 .text.usb_task
                0x0000082c        0x4 default/usb_task.o
                0x0000082c                usb_task
 .text.usb_task_init
                0x00000830        0xc default/usb_task.o
                0x00000830                usb_task_init
 .text.scheduler_tasks
                0x0000083c        0x6 default/scheduler.o
                0x0000083c                scheduler_tasks
 .text.scheduler_init
                0x00000842        0x4 default/scheduler.o
                0x00000842                scheduler_init
 .text.scheduler
                0x00000846        0x4 default/scheduler.o
                0x00000846                scheduler
 .text.start_boot_if_required
                0x0000084a       0x36 default/start_boot.o
                0x0000084a                start_boot_if_required
 .text.start_boot
                0x00000880       0x1e default/start_boot.o
                0x00000880                start_boot
 .text.usb_device_task_init
                0x0000089e       0x1a default/usb_device_task.o
                0x0000089e                usb_device_task_init
 .text.usb_start_device
                0x000008b8       0x5a default/usb_device_task.o
                0x000008b8                usb_start_device
 .text.usb_device_task
                0x00000912       0xbc default/usb_device_task.o
                0x00000912                usb_device_task
 .text.usb_config_ep
                0x000009ce       0x30 default/usb_drv.o
                0x000009ce                usb_config_ep
 .text.usb_init_device
                0x000009fe       0x1a default/usb_drv.o
                0x000009fe                usb_init_device
 .text.usb_user_interface_get
                0x00000a18        0x4 default/usb_specific_request.o
                0x00000a18                usb_user_interface_get
 .text.usb_user_interface_reset
                0x00000a1c       0x4c default/usb_specific_request.o
                0x00000a1c                usb_user_interface_reset
 .text.usb_user_get_descriptor
                0x00000a68       0x44 default/usb_specific_request.o
                0x00000a68                usb_user_get_descriptor
 .text.hid_get_report_descriptor
                0x00000aac       0xdc default/usb_specific_request.o
                0x00000aac                hid_get_report_descriptor
 .text.usb_hid_set_report_ouput
                0x00000b88       0x3c default/usb_specific_request.o
                0x00000b88                usb_hid_set_report_ouput
 .text.usb_hid_set_idle
                0x00000bc4       0x40 default/usb_specific_request.o
                0x00000bc4                usb_hid_set_idle
 .text.usb_hid_get_idle
                0x00000c04       0x72 default/usb_specific_request.o
                0x00000c04                usb_hid_get_idle
 .text.usb_hid_set_report_feature
                0x00000c76       0x6a default/usb_specific_request.o
                0x00000c76                usb_hid_set_report_feature
 .text.hid_get_hid_descriptor
                0x00000ce0       0xdc default/usb_specific_request.o
                0x00000ce0                hid_get_hid_descriptor
 .text.usb_user_read_request
                0x00000dbc       0x5e default/usb_specific_request.o
                0x00000dbc                usb_user_read_request
 .text.usb_user_endpoint_init
                0x00000e1a       0x26 default/usb_specific_request.o
                0x00000e1a                usb_user_endpoint_init
 .text.hid_task_init
                0x00000e40       0x3c default/hid_task.o
                0x00000e40                hid_task_init
 .text.hid_report_in
                0x00000e7c       0x50 default/hid_task.o
                0x00000e7c                hid_report_in
 .text.sof_action
                0x00000ecc        0xc default/hid_task.o
                0x00000ecc                sof_action
 .text.hid_report_out
                0x00000ed8       0xee default/hid_task.o
                0x00000ed8                hid_report_out
 .text.hid_task
                0x00000fc6        0xe default/hid_task.o
                0x00000fc6                hid_task
                0x00000fd4                . = ALIGN (0x2)
 *(.fini9)
 .fini9         0x00000fd4        0x0 c:/winavr-20100110/bin/../lib/gcc/avr/4.3.3/avr5\libgcc.a(_exit.o)
                0x00000fd4                exit
                0x00000fd4                _exit
 *(.fini9)
 *(.fini8)
 *(.fini8)
 *(.fini7)
 *(.fini7)
 *(.fini6)
 *(.fini6)
 *(.fini5)
 *(.fini5)
 *(.fini4)
 *(.fini4)
 *(.fini3)
 *(.fini3)
 *(.fini2)
 *(.fini2)
 *(.fini1)
 *(.fini1)
 *(.fini0)
 .fini0         0x00000fd4        0x4 c:/winavr-20100110/bin/../lib/gcc/avr/4.3.3/avr5\libgcc.a(_exit.o)
 *(.fini0)
                0x00000fd8                _etext = .

.data           0x00800100        0x2 load address 0x00000fd8
                0x00800100                PROVIDE (__data_start, .)
 *(.data)
 .data          0x00800100        0x2 default/start_boot.o
                0x00800100                start_bootloader
 *(.data*)
 *(.rodata)
 *(.rodata*)
 *(.gnu.linkonce.d*)
                0x00800102                . = ALIGN (0x2)
                0x00800102                _edata = .
                0x00800102                PROVIDE (__data_end, .)

.bss            0x00800102       0x79
                0x00800102                PROVIDE (__bss_start, .)
 *(.bss)
 .bss           0x00800102        0x2 default/usb_standard_request.o
                0x00800103                device_status
                0x00800102                remote_wakeup_feature
 .bss           0x00800104        0x2 default/usb_task.o
                0x00800104                g_usb_event
 .bss           0x00800106        0x2 default/usb_device_task.o
                0x00800107                usb_suspended
                0x00800106                usb_connected
 .bss           0x00800108        0x2 default/usb_specific_request.o
                0x00800108                jump_bootloader
                0x00800109                g_u8_report_rate
 .bss           0x0080010a        0x3 default/hid_task.o
                0x0080010c                flag
                0x0080010a                cpt_sof
                0x0080010b                g_last_joy
 *(.bss*)
 *(COMMON)
 COMMON         0x0080010d        0xb default/usb_standard_request.o
                0x0080010d                endpoint_status
                0x00800114                usb_configuration_nb
                0x00800115                data_to_transfer
                0x00800116                pbuffer
 COMMON         0x00800118       0x63 default/hid_task.o
                0x00800118                ispdata_to_send
                0x00800149                i
                0x0080014a                ispdata_received
                0x0080017b                PROVIDE (__bss_end, .)
                0x00000fd8                __data_load_start = LOADADDR (.data)
                0x00000fda                __data_load_end = (__data_load_start + SIZEOF (.data))

.noinit         0x0080017b        0x4
                0x0080017b                PROVIDE (__noinit_start, .)
 *(.noinit*)
 .noinit        0x0080017b        0x4 default/start_boot.o
                0x0080017b                boot_key
                0x0080017f                PROVIDE (__noinit_end, .)
                0x0080017f                _end = .
                0x0080017f                PROVIDE (__heap_start, .)

.eeprom         0x00810000        0x0
 *(.eeprom*)
                0x00810000                __eeprom_end = .

.fuse
 *(.fuse)
 *(.lfuse)
 *(.hfuse)
 *(.efuse)

.lock
 *(.lock*)

.signature
 *(.signature*)

.stab
 *(.stab)

.stabstr
 *(.stabstr)

.stab.excl
 *(.stab.excl)

.stab.exclstr
 *(.stab.exclstr)

.stab.index
 *(.stab.index)

.stab.indexstr
 *(.stab.indexstr)

.comment
 *(.comment)

.debug
 *(.debug)

.line
 *(.line)

.debug_srcinfo
 *(.debug_srcinfo)

.debug_sfnames
 *(.debug_sfnames)

.debug_aranges  0x00000000      0x2c0
 *(.debug_aranges)
 .debug_aranges
                0x00000000       0x38 default/wdt_drv.o
 .debug_aranges
                0x00000038       0x28 default/main.o
 .debug_aranges
                0x00000060       0x28 default/usb_standard_request.o
 .debug_aranges
                0x00000088       0x30 default/usb_task.o
 .debug_aranges
                0x000000b8       0x38 default/scheduler.o
 .debug_aranges
                0x000000f0       0x30 default/start_boot.o
 .debug_aranges
                0x00000120       0x30 default/usb_device_task.o
 .debug_aranges
                0x00000150       0x48 default/usb_drv.o
 .debug_aranges
                0x00000198       0x70 default/usb_specific_request.o
 .debug_aranges
                0x00000208       0x58 default/power_drv.o
 .debug_aranges
                0x00000260       0x40 default/hid_task.o
 .debug_aranges
                0x000002a0       0x20 default/flash_drv.o

.debug_pubnames
                0x00000000      0x744
 *(.debug_pubnames)
 .debug_pubnames
                0x00000000       0x75 default/wdt_drv.o
 .debug_pubnames
                0x00000075       0x30 default/main.o
 .debug_pubnames
                0x000000a5       0xc3 default/usb_standard_request.o
 .debug_pubnames
                0x00000168       0x51 default/usb_task.o
 .debug_pubnames
                0x000001b9       0x5f default/scheduler.o
 .debug_pubnames
                0x00000218       0x6c default/start_boot.o
 .debug_pubnames
                0x00000284       0xbf default/usb_descriptors.o
 .debug_pubnames
                0x00000343       0x78 default/usb_device_task.o
 .debug_pubnames
                0x000003bb       0x97 default/usb_drv.o
 .debug_pubnames
                0x00000452      0x163 default/usb_specific_request.o
 .debug_pubnames
                0x000005b5       0xd7 default/power_drv.o
 .debug_pubnames
                0x0000068c       0xb8 default/hid_task.o

.debug_info     0x00000000     0x2233
 *(.debug_info)
 .debug_info    0x00000000      0x14a default/wdt_drv.o
 .debug_info    0x0000014a       0xf2 default/main.o
 .debug_info    0x0000023c      0x8ba default/usb_standard_request.o
 .debug_info    0x00000af6       0xfc default/usb_task.o
 .debug_info    0x00000bf2       0xdd default/scheduler.o
 .debug_info    0x00000ccf       0xfa default/start_boot.o
 .debug_info    0x00000dc9      0x566 default/usb_descriptors.o
 .debug_info    0x0000132f      0x11b default/usb_device_task.o
 .debug_info    0x0000144a      0x1f7 default/usb_drv.o
 .debug_info    0x00001641      0x798 default/usb_specific_request.o
 .debug_info    0x00001dd9      0x127 default/power_drv.o
 .debug_info    0x00001f00      0x261 default/hid_task.o
 .debug_info    0x00002161       0xd2 default/flash_drv.o
 *(.gnu.linkonce.wi.*)

.debug_abbrev   0x00000000      0xa14
 *(.debug_abbrev)
 .debug_abbrev  0x00000000       0x8a default/wdt_drv.o
 .debug_abbrev  0x0000008a       0x88 default/main.o
 .debug_abbrev  0x00000112      0x202 default/usb_standard_request.o
 .debug_abbrev  0x00000314       0x80 default/usb_task.o
 .debug_abbrev  0x00000394       0x68 default/scheduler.o
 .debug_abbrev  0x000003fc       0x78 default/start_boot.o
 .debug_abbrev  0x00000474       0xcb default/usb_descriptors.o
 .debug_abbrev  0x0000053f       0x80 default/usb_device_task.o
 .debug_abbrev  0x000005bf       0xce default/usb_drv.o
 .debug_abbrev  0x0000068d      0x1da default/usb_specific_request.o
 .debug_abbrev  0x00000867       0x4a default/power_drv.o
 .debug_abbrev  0x000008b1      0x14f default/hid_task.o
 .debug_abbrev  0x00000a00       0x14 default/flash_drv.o

.debug_line     0x00000000     0x1c42
 *(.debug_line)
 .debug_line    0x00000000      0x163 default/wdt_drv.o
 .debug_line    0x00000163       0xe8 default/main.o
 .debug_line    0x0000024b      0x5e3 default/usb_standard_request.o
 .debug_line    0x0000082e      0x252 default/usb_task.o
 .debug_line    0x00000a80       0xf8 default/scheduler.o
 .debug_line    0x00000b78       0xf6 default/start_boot.o
 .debug_line    0x00000c6e       0xb2 default/usb_descriptors.o
 .debug_line    0x00000d20      0x224 default/usb_device_task.o
 .debug_line    0x00000f44      0x1d7 default/usb_drv.o
 .debug_line    0x0000111b      0x59a default/usb_specific_request.o
 .debug_line    0x000016b5      0x1d4 default/power_drv.o
 .debug_line    0x00001889      0x352 default/hid_task.o
 .debug_line    0x00001bdb       0x67 default/flash_drv.o

.debug_frame    0x00000000      0x3e0
 *(.debug_frame)
 .debug_frame   0x00000000       0x50 default/wdt_drv.o
 .debug_frame   0x00000050       0x30 default/main.o
 .debug_frame   0x00000080       0x30 default/usb_standard_request.o
 .debug_frame   0x000000b0       0x40 default/usb_task.o
 .debug_frame   0x000000f0       0x50 default/scheduler.o
 .debug_frame   0x00000140       0x40 default/start_boot.o
 .debug_frame   0x00000180       0x40 default/usb_device_task.o
 .debug_frame   0x000001c0       0x70 default/usb_drv.o
 .debug_frame   0x00000230       0xc0 default/usb_specific_request.o
 .debug_frame   0x000002f0       0x90 default/power_drv.o
 .debug_frame   0x00000380       0x60 default/hid_task.o

.debug_str      0x00000000      0xcf6
 *(.debug_str)
 .debug_str     0x00000000      0x16e default/wdt_drv.o
                                0x1a7 (size before relaxing)
 .debug_str     0x0000016e       0x28 default/main.o
                                0x14c (size before relaxing)
 .debug_str     0x00000196      0x4ed default/usb_standard_request.o
                                0x619 (size before relaxing)
 .debug_str     0x00000683       0x5d default/usb_task.o
                                0x181 (size before relaxing)
 .debug_str     0x000006e0       0x64 default/scheduler.o
                                0x188 (size before relaxing)
 .debug_str     0x00000744       0x69 default/start_boot.o
                                0x18d (size before relaxing)
 .debug_str     0x000007ad       0xff default/usb_descriptors.o
                                0x4f2 (size before relaxing)
 .debug_str     0x000008ac       0x78 default/usb_device_task.o
                                0x1cb (size before relaxing)
 .debug_str     0x00000924       0xda default/usb_drv.o
                                0x1fe (size before relaxing)
 .debug_str     0x000009fe      0x16a default/usb_specific_request.o
                                0x619 (size before relaxing)
 .debug_str     0x00000b68       0xc8 default/power_drv.o
                                0x1ec (size before relaxing)
 .debug_str     0x00000c30       0xc6 default/hid_task.o
                                0x218 (size before relaxing)

.debug_loc      0x00000000      0x837
 *(.debug_loc)
 .debug_loc     0x00000000       0x5a default/wdt_drv.o
 .debug_loc     0x0000005a      0x425 default/usb_standard_request.o
 .debug_loc     0x0000047f      0x101 default/usb_drv.o
 .debug_loc     0x00000580      0x257 default/usb_specific_request.o
 .debug_loc     0x000007d7       0x60 default/hid_task.o

.debug_macinfo
 *(.debug_macinfo)
OUTPUT(EVK527-series4-hidio.elf elf32-avr)
LOAD linker stubs

.debug_ranges   0x00000000      0x278
 .debug_ranges  0x00000000       0x30 default/wdt_drv.o
 .debug_ranges  0x00000030       0x20 default/main.o
 .debug_ranges  0x00000050       0x50 default/usb_standard_request.o
 .debug_ranges  0x000000a0       0x28 default/usb_task.o
 .debug_ranges  0x000000c8       0x30 default/scheduler.o
 .debug_ranges  0x000000f8       0x28 default/start_boot.o
 .debug_ranges  0x00000120       0x28 default/usb_device_task.o
 .debug_ranges  0x00000148       0x40 default/usb_drv.o
 .debug_ranges  0x00000188       0x68 default/usb_specific_request.o
 .debug_ranges  0x000001f0       0x50 default/power_drv.o
 .debug_ranges  0x00000240       0x38 default/hid_task.o

Cross Reference Table

Symbol                                            File
Clock_switch_external                             default/power_drv.o
Clock_switch_internal                             default/power_drv.o
__bad_interrupt                                   c:/winavr-20100110/bin/../lib/gcc/avr/4.3.3/../../../../avr/lib/avr5/crtm32u4.o
__bss_end                                         c:/winavr-20100110/bin/../lib/gcc/avr/4.3.3/avr5\libgcc.a(_clear_bss.o)
__bss_start                                       c:/winavr-20100110/bin/../lib/gcc/avr/4.3.3/avr5\libgcc.a(_clear_bss.o)
__data_end                                        c:/winavr-20100110/bin/../lib/gcc/avr/4.3.3/avr5\libgcc.a(_copy_data.o)
__data_load_start                                 c:/winavr-20100110/bin/../lib/gcc/avr/4.3.3/avr5\libgcc.a(_copy_data.o)
__data_start                                      c:/winavr-20100110/bin/../lib/gcc/avr/4.3.3/avr5\libgcc.a(_copy_data.o)
__do_clear_bss                                    c:/winavr-20100110/bin/../lib/gcc/avr/4.3.3/avr5\libgcc.a(_clear_bss.o)
                                                  default/hid_task.o
                                                  default/usb_specific_request.o
                                                  default/usb_device_task.o
                                                  default/usb_task.o
                                                  default/usb_standard_request.o
__do_copy_data                                    c:/winavr-20100110/bin/../lib/gcc/avr/4.3.3/avr5\libgcc.a(_copy_data.o)
                                                  default/start_boot.o
__heap_end                                        c:/winavr-20100110/bin/../lib/gcc/avr/4.3.3/../../../../avr/lib/avr5/crtm32u4.o
__init                                            c:/winavr-20100110/bin/../lib/gcc/avr/4.3.3/../../../../avr/lib/avr5/crtm32u4.o
__low_level_init                                  default/main.o
__stack                                           c:/winavr-20100110/bin/../lib/gcc/avr/4.3.3/../../../../avr/lib/avr5/crtm32u4.o
__vector_1                                        c:/winavr-20100110/bin/../lib/gcc/avr/4.3.3/../../../../avr/lib/avr5/crtm32u4.o
__vector_10                                       default/usb_task.o
                                                  c:/winavr-20100110/bin/../lib/gcc/avr/4.3.3/../../../../avr/lib/avr5/crtm32u4.o
__vector_11                                       c:/winavr-20100110/bin/../lib/gcc/avr/4.3.3/../../../../avr/lib/avr5/crtm32u4.o
__vector_12                                       c:/winavr-20100110/bin/../lib/gcc/avr/4.3.3/../../../../avr/lib/avr5/crtm32u4.o
__vector_13                                       c:/winavr-20100110/bin/../lib/gcc/avr/4.3.3/../../../../avr/lib/avr5/crtm32u4.o
__vector_14                                       c:/winavr-20100110/bin/../lib/gcc/avr/4.3.3/../../../../avr/lib/avr5/crtm32u4.o
__vector_15                                       c:/winavr-20100110/bin/../lib/gcc/avr/4.3.3/../../../../avr/lib/avr5/crtm32u4.o
__vector_16                                       c:/winavr-20100110/bin/../lib/gcc/avr/4.3.3/../../../../avr/lib/avr5/crtm32u4.o
__vector_17                                       c:/winavr-20100110/bin/../lib/gcc/avr/4.3.3/../../../../avr/lib/avr5/crtm32u4.o
__vector_18                                       c:/winavr-20100110/bin/../lib/gcc/avr/4.3.3/../../../../avr/lib/avr5/crtm32u4.o
__vector_19                                       c:/winavr-20100110/bin/../lib/gcc/avr/4.3.3/../../../../avr/lib/avr5/crtm32u4.o
__vector_2                                        c:/winavr-20100110/bin/../lib/gcc/avr/4.3.3/../../../../avr/lib/avr5/crtm32u4.o
__vector_20                                       c:/winavr-20100110/bin/../lib/gcc/avr/4.3.3/../../../../avr/lib/avr5/crtm32u4.o
__vector_21                                       c:/winavr-20100110/bin/../lib/gcc/avr/4.3.3/../../../../avr/lib/avr5/crtm32u4.o
__vector_22                                       c:/winavr-20100110/bin/../lib/gcc/avr/4.3.3/../../../../avr/lib/avr5/crtm32u4.o
__vector_23                                       c:/winavr-20100110/bin/../lib/gcc/avr/4.3.3/../../../../avr/lib/avr5/crtm32u4.o
__vector_24                                       c:/winavr-20100110/bin/../lib/gcc/avr/4.3.3/../../../../avr/lib/avr5/crtm32u4.o
__vector_25                                       c:/winavr-20100110/bin/../lib/gcc/avr/4.3.3/../../../../avr/lib/avr5/crtm32u4.o
__vector_26                                       c:/winavr-20100110/bin/../lib/gcc/avr/4.3.3/../../../../avr/lib/avr5/crtm32u4.o
__vector_27                                       c:/winavr-20100110/bin/../lib/gcc/avr/4.3.3/../../../../avr/lib/avr5/crtm32u4.o
__vector_28                                       c:/winavr-20100110/bin/../lib/gcc/avr/4.3.3/../../../../avr/lib/avr5/crtm32u4.o
__vector_29                                       c:/winavr-20100110/bin/../lib/gcc/avr/4.3.3/../../../../avr/lib/avr5/crtm32u4.o
__vector_3                                        c:/winavr-20100110/bin/../lib/gcc/avr/4.3.3/../../../../avr/lib/avr5/crtm32u4.o
__vector_30                                       c:/winavr-20100110/bin/../lib/gcc/avr/4.3.3/../../../../avr/lib/avr5/crtm32u4.o
__vector_31                                       c:/winavr-20100110/bin/../lib/gcc/avr/4.3.3/../../../../avr/lib/avr5/crtm32u4.o
__vector_32                                       c:/winavr-20100110/bin/../lib/gcc/avr/4.3.3/../../../../avr/lib/avr5/crtm32u4.o
__vector_33                                       c:/winavr-20100110/bin/../lib/gcc/avr/4.3.3/../../../../avr/lib/avr5/crtm32u4.o
__vector_34                                       c:/winavr-20100110/bin/../lib/gcc/avr/4.3.3/../../../../avr/lib/avr5/crtm32u4.o
__vector_35                                       c:/winavr-20100110/bin/../lib/gcc/avr/4.3.3/../../../../avr/lib/avr5/crtm32u4.o
__vector_36                                       c:/winavr-20100110/bin/../lib/gcc/avr/4.3.3/../../../../avr/lib/avr5/crtm32u4.o
__vector_37                                       c:/winavr-20100110/bin/../lib/gcc/avr/4.3.3/../../../../avr/lib/avr5/crtm32u4.o
__vector_38                                       c:/winavr-20100110/bin/../lib/gcc/avr/4.3.3/../../../../avr/lib/avr5/crtm32u4.o
__vector_39                                       c:/winavr-20100110/bin/../lib/gcc/avr/4.3.3/../../../../avr/lib/avr5/crtm32u4.o
__vector_4                                        c:/winavr-20100110/bin/../lib/gcc/avr/4.3.3/../../../../avr/lib/avr5/crtm32u4.o
__vector_40                                       c:/winavr-20100110/bin/../lib/gcc/avr/4.3.3/../../../../avr/lib/avr5/crtm32u4.o
__vector_41                                       c:/winavr-20100110/bin/../lib/gcc/avr/4.3.3/../../../../avr/lib/avr5/crtm32u4.o
__vector_42                                       c:/winavr-20100110/bin/../lib/gcc/avr/4.3.3/../../../../avr/lib/avr5/crtm32u4.o
__vector_5                                        c:/winavr-20100110/bin/../lib/gcc/avr/4.3.3/../../../../avr/lib/avr5/crtm32u4.o
__vector_6                                        c:/winavr-20100110/bin/../lib/gcc/avr/4.3.3/../../../../avr/lib/avr5/crtm32u4.o
__vector_7                                        c:/winavr-20100110/bin/../lib/gcc/avr/4.3.3/../../../../avr/lib/avr5/crtm32u4.o
__vector_8                                        c:/winavr-20100110/bin/../lib/gcc/avr/4.3.3/../../../../avr/lib/avr5/crtm32u4.o
__vector_9                                        c:/winavr-20100110/bin/../lib/gcc/avr/4.3.3/../../../../avr/lib/avr5/crtm32u4.o
__vector_default                                  c:/winavr-20100110/bin/../lib/gcc/avr/4.3.3/../../../../avr/lib/avr5/crtm32u4.o
__vectors                                         c:/winavr-20100110/bin/../lib/gcc/avr/4.3.3/../../../../avr/lib/avr5/crtm32u4.o
_exit                                             c:/winavr-20100110/bin/../lib/gcc/avr/4.3.3/avr5\libgcc.a(_exit.o)
boot_key                                          default/start_boot.o
cpt_sof                                           default/hid_task.o
data_to_transfer                                  default/usb_specific_request.o
                                                  default/usb_standard_request.o
device_status                                     default/usb_standard_request.o
endpoint_status                                   default/usb_standard_request.o
exit                                              c:/winavr-20100110/bin/../lib/gcc/avr/4.3.3/avr5\libgcc.a(_exit.o)
                                                  c:/winavr-20100110/bin/../lib/gcc/avr/4.3.3/../../../../avr/lib/avr5/crtm32u4.o
flag                                              default/hid_task.o
flash_read_fuse                                   default/flash_drv.o
flash_read_sig                                    default/flash_drv.o
g_last_joy                                        default/hid_task.o
g_u8_report_rate                                  default/usb_specific_request.o
g_usb_event                                       default/usb_task.o
                                                  default/usb_device_task.o
goto_boot                                         default/start_boot.o
hid_get_hid_descriptor                            default/usb_specific_request.o
hid_get_report_descriptor                         default/usb_specific_request.o
hid_report_in                                     default/hid_task.o
hid_report_out                                    default/hid_task.o
hid_task                                          default/hid_task.o
                                                  default/scheduler.o
hid_task_init                                     default/hid_task.o
                                                  default/scheduler.o
i                                                 default/hid_task.o
ispdata_received                                  default/hid_task.o
ispdata_to_send                                   default/hid_task.o
jump_bootloader                                   default/usb_specific_request.o
                                                  default/hid_task.o
main                                              default/main.o
                                                  c:/winavr-20100110/bin/../lib/gcc/avr/4.3.3/../../../../avr/lib/avr5/crtm32u4.o
pbuffer                                           default/usb_specific_request.o
                                                  default/usb_standard_request.o
remote_wakeup_feature                             default/usb_standard_request.o
scheduler                                         default/scheduler.o
                                                  default/main.o
scheduler_empty_fct                               default/scheduler.o
scheduler_init                                    default/scheduler.o
scheduler_tasks                                   default/scheduler.o
set_adc_noise_reduction_mode                      default/power_drv.o
set_ext_standby_mode                              default/power_drv.o
set_idle_mode                                     default/power_drv.o
set_power_down_mode                               default/power_drv.o
set_power_save_mode                               default/power_drv.o
set_standby_mode                                  default/power_drv.o
sof_action                                        default/hid_task.o
                                                  default/usb_task.o
start_boot                                        default/start_boot.o
                                                  default/hid_task.o
start_boot_if_required                            default/start_boot.o
                                                  default/main.o
start_bootloader                                  default/start_boot.o
usb_conf_desc                                     default/usb_descriptors.o
                                                  default/usb_specific_request.o
                                                  default/usb_standard_request.o
usb_config_ep                                     default/usb_drv.o
                                                  default/usb_specific_request.o
usb_configuration_nb                              default/hid_task.o
                                                  default/usb_device_task.o
                                                  default/usb_standard_request.o
usb_connected                                     default/usb_device_task.o
usb_dev_desc                                      default/usb_descriptors.o
                                                  default/usb_standard_request.o
usb_device_task                                   default/usb_device_task.o
                                                  default/usb_task.o
usb_device_task_init                              default/usb_device_task.o
                                                  default/usb_task.o
usb_generate_remote_wakeup                        default/usb_standard_request.o
usb_halt_endpoint                                 default/usb_drv.o
usb_hid_get_idle                                  default/usb_specific_request.o
usb_hid_report_descriptor                         default/usb_descriptors.o
                                                  default/usb_specific_request.o
usb_hid_set_idle                                  default/usb_specific_request.o
usb_hid_set_report_feature                        default/usb_specific_request.o
usb_hid_set_report_ouput                          default/usb_specific_request.o
usb_init_device                                   default/usb_drv.o
                                                  default/usb_device_task.o
                                                  default/usb_task.o
usb_process_request                               default/usb_standard_request.o
                                                  default/usb_device_task.o
usb_read_packet                                   default/usb_drv.o
usb_select_enpoint_interrupt                      default/usb_drv.o
usb_send_packet                                   default/usb_drv.o
usb_start_device                                  default/usb_device_task.o
usb_suspended                                     default/usb_device_task.o
                                                  default/usb_task.o
usb_task                                          default/usb_task.o
                                                  default/scheduler.o
usb_task_init                                     default/usb_task.o
                                                  default/scheduler.o
usb_user_endpoint_init                            default/usb_specific_request.o
                                                  default/usb_standard_request.o
usb_user_get_descriptor                           default/usb_specific_request.o
                                                  default/usb_standard_request.o
usb_user_interface_get                            default/usb_specific_request.o
                                                  default/usb_standard_request.o
usb_user_interface_reset                          default/usb_specific_request.o
                                                  default/usb_standard_request.o
usb_user_language_id                              default/usb_descriptors.o
                                                  default/usb_specific_request.o
usb_user_manufacturer_string_descriptor           default/usb_descriptors.o
                                                  default/usb_specific_request.o
usb_user_product_string_descriptor                default/usb_descriptors.o
                                                  default/usb_specific_request.o
usb_user_read_request                             default/usb_specific_request.o
                                                  default/usb_standard_request.o
wdtdrv_disable                                    default/wdt_drv.o
                                                  default/main.o
wdtdrv_enable                                     default/wdt_drv.o
                                                  default/start_boot.o
wdtdrv_interrupt_enable                           default/wdt_drv.o
wdtdrv_interrupt_reset_enable                     default/wdt_drv.o
